<?xml version="1.0"?>
<muse version="1.0">
<drummap>
<entry><name>PulseBass C</name><channel>1</channel><enote>0</enote><anote>0</anote></entry>
<entry><name>PulseBass C#</name><channel>1</channel><enote>1</enote><anote>1</anote></entry>
<entry><name>PulseBass D</name><channel>1</channel><enote>2</enote><anote>2</anote></entry>
<entry><name>PulseBass D#</name><channel>1</channel><enote>3</enote><anote>3</anote></entry>
<entry><name>PulseBass E</name><channel>1</channel><enote>4</enote><anote>4</anote></entry>
<entry><name>PulseBass F</name><channel>1</channel><enote>5</enote><anote>5</anote></entry>
<entry><name>PulseBass F#</name><channel>1</channel><enote>6</enote><anote>6</anote></entry>
<entry><name>PulseBass G</name><channel>1</channel><enote>7</enote><anote>7</anote></entry>
<entry><name>PulseBass G#</name><channel>1</channel><enote>8</enote><anote>8</anote></entry>
<entry><name>PulseBass A</name><channel>1</channel><enote>9</enote><anote>9</anote></entry>
<entry><name>PulseBass A#</name><channel>1</channel><enote>10</enote><anote>10</anote></entry>
<entry><name>PulseBass B</name><channel>1</channel><enote>11</enote><anote>11</anote></entry>
<entry><name>SineBass C</name><channel>1</channel><enote>12</enote><anote>12</anote></entry>
<entry><name>SineBass C#</name><channel>1</channel><enote>13</enote><anote>13</anote></entry>
<entry><name>SineBass D</name><channel>1</channel><enote>14</enote><anote>14</anote></entry>
<entry><name>SineBass D#</name><channel>1</channel><enote>15</enote><anote>15</anote></entry>
<entry><name>SineBass E</name><channel>1</channel><enote>16</enote><anote>16</anote></entry>
<entry><name>SineBass F</name><channel>1</channel><enote>17</enote><anote>17</anote></entry>
<entry><name>SineBass F#</name><channel>1</channel><enote>18</enote><anote>18</anote></entry>
<entry><name>SineBass G</name><channel>1</channel><enote>19</enote><anote>19</anote></entry>
<entry><name>SineBass G#</name><channel>1</channel><enote>20</enote><anote>20</anote></entry>
<entry><name>SineBass A</name><channel>1</channel><enote>21</enote><anote>21</anote></entry>
<entry><name>SineBass A#</name><channel>1</channel><enote>22</enote><anote>22</anote></entry>
<entry><name>SineBass B</name><channel>1</channel><enote>23</enote><anote>23</anote></entry>
<entry><name>PickBass C</name><channel>1</channel><enote>24</enote><anote>24</anote></entry>
<entry><name>PickBass C#</name><channel>1</channel><enote>25</enote><anote>25</anote></entry>
<entry><name>PickBass D</name><channel>1</channel><enote>26</enote><anote>26</anote></entry>
<entry><name>PickBass D#</name><channel>1</channel><enote>27</enote><anote>27</anote></entry>
<entry><name>PickBass E</name><channel>1</channel><enote>28</enote><anote>28</anote></entry>
<entry><name>PickBass F</name><channel>1</channel><enote>29</enote><anote>29</anote></entry>
<entry><name>PickBass F#</name><channel>1</channel><enote>30</enote><anote>30</anote></entry>
<entry><name>PickBass G</name><channel>1</channel><enote>31</enote><anote>31</anote></entry>
<entry><name>PickBass G#</name><channel>1</channel><enote>32</enote><anote>32</anote></entry>
<entry><name>PickBass A</name><channel>1</channel><enote>33</enote><anote>33</anote></entry>
<entry><name>PickBass A#</name><channel>1</channel><enote>34</enote><anote>34</anote></entry>
<entry><name>PickBass B</name><channel>1</channel><enote>35</enote><anote>35</anote></entry>
<entry><name>BD Analog 808</name><channel>1</channel><enote>36</enote><anote>36</anote></entry>
<entry><name>BD R&B 1</name><channel>1</channel><enote>37</enote><anote>37</anote></entry>
<entry><name>BD R&B 2</name><channel>1</channel><enote>38</enote><anote>38</anote></entry>
<entry><name>BD Lo-Fi</name><channel>1</channel><enote>39</enote><anote>39</anote></entry>
<entry><name>BD Jungle</name><channel>1</channel><enote>40</enote><anote>40</anote></entry>
<entry><name>BD Hip 1</name><channel>1</channel><enote>41</enote><anote>41</anote></entry>
<entry><name>BD Hip 2</name><channel>1</channel><enote>42</enote><anote>42</anote></entry>
<entry><name>BD Tech</name><channel>1</channel><enote>43</enote><anote>43</anote></entry>
<entry><name>BD Dist 1</name><channel>1</channel><enote>44</enote><anote>44</anote></entry>
<entry><name>BD Dist 2</name><channel>1</channel><enote>45</enote><anote>45</anote></entry>
<entry><name>BD Human 1</name><channel>1</channel><enote>46</enote><anote>46</anote></entry>
<entry><name>BD Human 2</name><channel>1</channel><enote>47</enote><anote>47</anote></entry>
<entry><name>BD Elec 1</name><channel>1</channel><enote>48</enote><anote>48</anote></entry>
<entry><name>BD Elec 2 909</name><channel>1</channel><enote>49</enote><anote>49</anote></entry>
<entry><name>BD Elec 3 909</name><channel>1</channel><enote>50</enote><anote>50</anote></entry>
<entry><name>SD Live</name><channel>1</channel><enote>51</enote><anote>51</anote></entry>
<entry><name>SD R&B 1</name><channel>1</channel><enote>52</enote><anote>52</anote></entry>
<entry><name>SD R&B 2</name><channel>1</channel><enote>53</enote><anote>53</anote></entry>
<entry><name>SD Analog 808</name><channel>1</channel><enote>54</enote><anote>54</anote></entry>
<entry><name>SD Hip 1</name><channel>1</channel><enote>55</enote><anote>55</anote></entry>
<entry><name>SD Hip 2 Lo-Fi</name><channel>1</channel><enote>56</enote><anote>56</anote></entry>
<entry><name>SD Hip 3</name><channel>1</channel><enote>57</enote><anote>57</anote></entry>
<entry><name>SD Cut Jungle</name><channel>1</channel><enote>58</enote><anote>58</anote></entry>
<entry><name>SD Dodge</name><channel>1</channel><enote>59</enote><anote>59</anote></entry>
<entry><name>SD Timbra</name><channel>1</channel><enote>60</enote><anote>60</anote></entry>
<entry><name>SD D&B</name><channel>1</channel><enote>61</enote><anote>61</anote></entry>
<entry><name>SD Dist 909</name><channel>1</channel><enote>62</enote><anote>62</anote></entry>
<entry><name>SD Elec 1 909</name><channel>1</channel><enote>63</enote><anote>63</anote></entry>
<entry><name>SD Elec 2 909</name><channel>1</channel><enote>64</enote><anote>64</anote></entry>
<entry><name>SD Rim 1</name><channel>1</channel><enote>65</enote><anote>65</anote></entry>
<entry><name>SD Rim 2</name><channel>1</channel><enote>66</enote><anote>66</anote></entry>
<entry><name>HH D&B Cls</name><channel>1</channel><enote>67</enote><anote>67</anote></entry>
<entry><name>HH D&B Opn</name><channel>1</channel><enote>68</enote><anote>68</anote></entry>
<entry><name>HH Ana Cls 1 909</name><channel>1</channel><enote>69</enote><anote>69</anote></entry>
<entry><name>HH Ana Opn 1 808</name><channel>1</channel><enote>70</enote><anote>70</anote></entry>
<entry><name>HH Syn Cls</name><channel>1</channel><enote>71</enote><anote>71</anote></entry>
<entry><name>HH Syn Opn</name><channel>1</channel><enote>72</enote><anote>72</anote></entry>
<entry><name>HH Ana Cls 2 909</name><channel>1</channel><enote>73</enote><anote>73</anote></entry>
<entry><name>HH Ana Opn 2 909</name><channel>1</channel><enote>74</enote><anote>74</anote></entry>
<entry><name>Tom Dist 909</name><channel>1</channel><enote>75</enote><anote>75</anote></entry>
<entry><name>Tom Ana 1</name><channel>1</channel><enote>76</enote><anote>76</anote></entry>
<entry><name>Tom Ana 2 909</name><channel>1</channel><enote>77</enote><anote>77</anote></entry>
<entry><name>Tom Synth</name><channel>1</channel><enote>78</enote><anote>78</anote></entry>
<entry><name>Tom Sine</name><channel>1</channel><enote>79</enote><anote>79</anote></entry>
<entry><name>Crush Sym</name><channel>1</channel><enote>80</enote><anote>80</anote></entry>
<entry><name>Ride Sym</name><channel>1</channel><enote>81</enote><anote>81</anote></entry>
<entry><name>Ride Bell</name><channel>1</channel><enote>82</enote><anote>82</anote></entry>
<entry><name>Tambourine</name><channel>1</channel><enote>83</enote><anote>83</anote></entry>
<entry><name>Tabla Open</name><channel>1</channel><enote>84</enote><anote>84</anote></entry>
<entry><name>Taba Mute</name><channel>1</channel><enote>85</enote><anote>85</anote></entry>
<entry><name>Tabla Nah</name><channel>1</channel><enote>86</enote><anote>86</anote></entry>
<entry><name>Udu Low</name><channel>1</channel><enote>87</enote><anote>87</anote></entry>
<entry><name>Udu High</name><channel>1</channel><enote>88</enote><anote>88</anote></entry>
<entry><name>Udu Finger</name><channel>1</channel><enote>89</enote><anote>89</anote></entry>
<entry><name>Clave 808</name><channel>1</channel><enote>90</enote><anote>90</anote></entry>
<entry><name>Maracas</name><channel>1</channel><enote>91</enote><anote>91</anote></entry>
<entry><name>Shaker</name><channel>1</channel><enote>92</enote><anote>92</anote></entry>
<entry><name>Clap 909</name><channel>1</channel><enote>93</enote><anote>93</anote></entry>
<entry><name>Scratch 1</name><channel>1</channel><enote>94</enote><anote>94</anote></entry>
<entry><name>Scratch 2</name><channel>1</channel><enote>95</enote><anote>95</anote></entry>
<entry><name>Scratch 3</name><channel>1</channel><enote>96</enote><anote>96</anote></entry>
<entry><name>Scratch 4</name><channel>1</channel><enote>97</enote><anote>97</anote></entry>
<entry><name>Ripper</name><channel>1</channel><enote>98</enote><anote>98</anote></entry>
<entry><name>Zap 1</name><channel>1</channel><enote>99</enote><anote>99</anote></entry>
<entry><name>Zap 2</name><channel>1</channel><enote>100</enote><anote>100</anote></entry>
<entry><name>Rev Low</name><channel>1</channel><enote>101</enote><anote>101</anote></entry>
<entry><name>Synth Vibra</name><channel>1</channel><enote>102</enote><anote>102</anote></entry>
<entry><name>Metal</name><channel>1</channel><enote>103</enote><anote>103</anote></entry>
<entry><name>Click</name><channel>1</channel><enote>104</enote><anote>104</anote></entry>
<entry><name>Gt Attack</name><channel>1</channel><enote>105</enote><anote>105</anote></entry>
<entry><name>Gt Power</name><channel>1</channel><enote>106</enote><anote>106</anote></entry>
<entry><name>Stab Organ</name><channel>1</channel><enote>107</enote><anote>107</anote></entry>
<entry><name>SlowBass</name><channel>1</channel><enote>108</enote><anote>108</anote></entry>
<entry><name>FingerBass</name><channel>1</channel><enote>109</enote><anote>109</anote></entry>
<entry><name>SynthBass 1</name><channel>1</channel><enote>110</enote><anote>110</anote></entry>
<entry><name>SynthBass 2</name><channel>1</channel><enote>111</enote><anote>111</anote></entry>
<entry><name>SynthBass 3</name><channel>1</channel><enote>112</enote><anote>112</anote></entry>
<entry><name>SynthBass 4</name><channel>1</channel><enote>113</enote><anote>113</anote></entry>
<entry><name>Digi Wave 1</name><channel>1</channel><enote>114</enote><anote>114</anote></entry>
<entry><name>Digi Wave 2</name><channel>1</channel><enote>115</enote><anote>115</anote></entry>
<entry><name>Digi Wave 3</name><channel>1</channel><enote>116</enote><anote>116</anote></entry>
<entry><name>Digi Wave 4</name><channel>1</channel><enote>117</enote><anote>117</anote></entry>
<entry><name>Digi Wave 5</name><channel>1</channel><enote>118</enote><anote>118</anote></entry>
<entry><name>Digi Wave 6</name><channel>1</channel><enote>119</enote><anote>119</anote></entry>
<entry><name>Digi Wave 7</name><channel>1</channel><enote>120</enote><anote>120</anote></entry>



</drummap>
</muse>


