<?xml version="1.0"?>
<muse version="1.0">
  <drummap>
    <entry>
      <name></name>
      <vol>100</vol>
      <quant>16</quant>
      <len>32</len>
      <channel>9</channel>
      <port>0</port>
      <lv1>70</lv1>
      <lv2>90</lv2>
      <lv3>127</lv3>
      <lv4>110</lv4>
      <enote>27</enote>
      <anote>27</anote>
      </entry>
    <entry>
      <name></name>
      <vol>100</vol>
      <quant>16</quant>
      <len>32</len>
      <channel>9</channel>
      <port>0</port>
      <lv1>70</lv1>
      <lv2>90</lv2>
      <lv3>127</lv3>
      <lv4>110</lv4>
      <enote>28</enote>
      <anote>28</anote>
      </entry>
    <entry>
      <name></name>
      <vol>100</vol>
      <quant>16</quant>
      <len>32</len>
      <channel>9</channel>
      <port>0</port>
      <lv1>70</lv1>
      <lv2>90</lv2>
      <lv3>127</lv3>
      <lv4>110</lv4>
      <enote>29</enote>
      <anote>29</anote>
      </entry>
    <entry>
      <name></name>
      <vol>100</vol>
      <quant>16</quant>
      <len>32</len>
      <channel>9</channel>
      <port>0</port>
      <lv1>70</lv1>
      <lv2>90</lv2>
      <lv3>127</lv3>
      <lv4>110</lv4>
      <enote>30</enote>
      <anote>30</anote>
      </entry>
    <entry>
      <name></name>
      <vol>100</vol>
      <quant>16</quant>
      <len>32</len>
      <channel>9</channel>
      <port>0</port>
      <lv1>70</lv1>
      <lv2>90</lv2>
      <lv3>127</lv3>
      <lv4>110</lv4>
      <enote>31</enote>
      <anote>31</anote>
      </entry>
    <entry>
      <name></name>
      <vol>100</vol>
      <quant>16</quant>
      <len>32</len>
      <channel>9</channel>
      <port>0</port>
      <lv1>70</lv1>
      <lv2>90</lv2>
      <lv3>127</lv3>
      <lv4>110</lv4>
      <enote>32</enote>
      <anote>32</anote>
      </entry>
    <entry>
      <name></name>
      <vol>100</vol>
      <quant>16</quant>
      <len>32</len>
      <channel>9</channel>
      <port>0</port>
      <lv1>70</lv1>
      <lv2>90</lv2>
      <lv3>127</lv3>
      <lv4>110</lv4>
      <enote>33</enote>
      <anote>33</anote>
      </entry>
    <entry>
      <name></name>
      <vol>100</vol>
      <quant>16</quant>
      <len>32</len>
      <channel>9</channel>
      <port>0</port>
      <lv1>70</lv1>
      <lv2>90</lv2>
      <lv3>127</lv3>
      <lv4>110</lv4>
      <enote>34</enote>
      <anote>34</anote>
      </entry>
    <entry>
      <name></name>
      <vol>100</vol>
      <quant>16</quant>
      <len>32</len>
      <channel>9</channel>
      <port>0</port>
      <lv1>70</lv1>
      <lv2>90</lv2>
      <lv3>127</lv3>
      <lv4>110</lv4>
      <enote>35</enote>
      <anote>35</anote>
      </entry>
    <entry>
      <name></name>
      <vol>100</vol>
      <quant>16</quant>
      <len>32</len>
      <channel>9</channel>
      <port>0</port>
      <lv1>70</lv1>
      <lv2>90</lv2>
      <lv3>127</lv3>
      <lv4>110</lv4>
      <enote>36</enote>
      <anote>36</anote>
      </entry>
    <entry>
      <name></name>
      <vol>100</vol>
      <quant>16</quant>
      <len>32</len>
      <channel>9</channel>
      <port>0</port>
      <lv1>70</lv1>
      <lv2>90</lv2>
      <lv3>127</lv3>
      <lv4>110</lv4>
      <enote>37</enote>
      <anote>37</anote>
      </entry>
    <entry>
      <name></name>
      <vol>100</vol>
      <quant>16</quant>
      <len>32</len>
      <channel>9</channel>
      <port>0</port>
      <lv1>70</lv1>
      <lv2>90</lv2>
      <lv3>127</lv3>
      <lv4>110</lv4>
      <enote>38</enote>
      <anote>38</anote>
      </entry>
    <entry>
      <name></name>
      <vol>100</vol>
      <quant>16</quant>
      <len>32</len>
      <channel>9</channel>
      <port>0</port>
      <lv1>70</lv1>
      <lv2>90</lv2>
      <lv3>127</lv3>
      <lv4>110</lv4>
      <enote>39</enote>
      <anote>39</anote>
      </entry>
    <entry>
      <name></name>
      <vol>100</vol>
      <quant>16</quant>
      <len>32</len>
      <channel>9</channel>
      <port>0</port>
      <lv1>70</lv1>
      <lv2>90</lv2>
      <lv3>127</lv3>
      <lv4>110</lv4>
      <enote>40</enote>
      <anote>40</anote>
      </entry>
    <entry>
      <name></name>
      <vol>100</vol>
      <quant>16</quant>
      <len>32</len>
      <channel>9</channel>
      <port>0</port>
      <lv1>70</lv1>
      <lv2>90</lv2>
      <lv3>127</lv3>
      <lv4>110</lv4>
      <enote>41</enote>
      <anote>41</anote>
      </entry>
    <entry>
      <name>Hard Snare 1</name>
      <vol>100</vol>
      <quant>16</quant>
      <len>32</len>
      <channel>9</channel>
      <port>0</port>
      <lv1>70</lv1>
      <lv2>90</lv2>
      <lv3>127</lv3>
      <lv4>110</lv4>
      <enote>42</enote>
      <anote>42</anote>
      </entry>
    <entry>
      <name>Kick 3</name>
      <vol>100</vol>
      <quant>16</quant>
      <len>32</len>
      <channel>9</channel>
      <port>0</port>
      <lv1>70</lv1>
      <lv2>90</lv2>
      <lv3>127</lv3>
      <lv4>110</lv4>
      <enote>43</enote>
      <anote>43</anote>
      </entry>
    <entry>
      <name>Kick 3</name>
      <vol>100</vol>
      <quant>16</quant>
      <len>32</len>
      <channel>9</channel>
      <port>0</port>
      <lv1>70</lv1>
      <lv2>90</lv2>
      <lv3>127</lv3>
      <lv4>110</lv4>
      <enote>44</enote>
      <anote>44</anote>
      </entry>
    <entry>
      <name>Snare 4</name>
      <vol>100</vol>
      <quant>16</quant>
      <len>32</len>
      <channel>9</channel>
      <port>0</port>
      <lv1>70</lv1>
      <lv2>90</lv2>
      <lv3>127</lv3>
      <lv4>110</lv4>
      <enote>45</enote>
      <anote>45</anote>
      </entry>
    <entry>
      <name>Snare 4</name>
      <vol>100</vol>
      <quant>16</quant>
      <len>32</len>
      <channel>9</channel>
      <port>0</port>
      <lv1>70</lv1>
      <lv2>90</lv2>
      <lv3>127</lv3>
      <lv4>110</lv4>
      <enote>46</enote>
      <anote>46</anote>
      </entry>
    <entry>
      <name>Crash Cymbal</name>
      <vol>100</vol>
      <quant>16</quant>
      <len>32</len>
      <channel>9</channel>
      <port>0</port>
      <lv1>70</lv1>
      <lv2>90</lv2>
      <lv3>127</lv3>
      <lv4>110</lv4>
      <enote>47</enote>
      <anote>47</anote>
      </entry>
    <entry>
      <name>Floor Tom</name>
      <vol>100</vol>
      <quant>16</quant>
      <len>32</len>
      <channel>9</channel>
      <port>0</port>
      <lv1>70</lv1>
      <lv2>90</lv2>
      <lv3>127</lv3>
      <lv4>110</lv4>
      <enote>48</enote>
      <anote>48</anote>
      </entry>
    <entry>
      <name>Floor Tom</name>
      <vol>100</vol>
      <quant>16</quant>
      <len>32</len>
      <channel>9</channel>
      <port>0</port>
      <lv1>70</lv1>
      <lv2>90</lv2>
      <lv3>127</lv3>
      <lv4>110</lv4>
      <enote>49</enote>
      <anote>49</anote>
      </entry>
    <entry>
      <name>Lo Mid Tom</name>
      <vol>100</vol>
      <quant>16</quant>
      <len>32</len>
      <channel>9</channel>
      <port>0</port>
      <lv1>70</lv1>
      <lv2>90</lv2>
      <lv3>127</lv3>
      <lv4>110</lv4>
      <enote>50</enote>
      <anote>50</anote>
      </entry>
    <entry>
      <name>Lo Mid Tom</name>
      <vol>100</vol>
      <quant>16</quant>
      <len>32</len>
      <channel>9</channel>
      <port>0</port>
      <lv1>70</lv1>
      <lv2>90</lv2>
      <lv3>127</lv3>
      <lv4>110</lv4>
      <enote>51</enote>
      <anote>51</anote>
      </entry>
    <entry>
      <name>Mid Tom</name>
      <vol>100</vol>
      <quant>16</quant>
      <len>32</len>
      <channel>9</channel>
      <port>0</port>
      <lv1>70</lv1>
      <lv2>90</lv2>
      <lv3>127</lv3>
      <lv4>110</lv4>
      <enote>52</enote>
      <anote>52</anote>
      </entry>
    <entry>
      <name>Mid Tom</name>
      <vol>100</vol>
      <quant>16</quant>
      <len>32</len>
      <channel>9</channel>
      <port>0</port>
      <lv1>70</lv1>
      <lv2>90</lv2>
      <lv3>127</lv3>
      <lv4>110</lv4>
      <enote>53</enote>
      <anote>53</anote>
      </entry>
    <entry>
      <name>Mid Tom</name>
      <vol>100</vol>
      <quant>16</quant>
      <len>32</len>
      <channel>9</channel>
      <port>0</port>
      <lv1>70</lv1>
      <lv2>90</lv2>
      <lv3>127</lv3>
      <lv4>110</lv4>
      <enote>54</enote>
      <anote>54</anote>
      </entry>
    <entry>
      <name>Hi Tom</name>
      <vol>100</vol>
      <quant>16</quant>
      <len>32</len>
      <channel>9</channel>
      <port>0</port>
      <lv1>70</lv1>
      <lv2>90</lv2>
      <lv3>127</lv3>
      <lv4>110</lv4>
      <enote>55</enote>
      <anote>55</anote>
      </entry>
    <entry>
      <name>Hi Tom</name>
      <vol>100</vol>
      <quant>16</quant>
      <len>32</len>
      <channel>9</channel>
      <port>0</port>
      <lv1>70</lv1>
      <lv2>90</lv2>
      <lv3>127</lv3>
      <lv4>110</lv4>
      <enote>56</enote>
      <anote>56</anote>
      </entry>
    <entry>
      <name>Hi Tom</name>
      <vol>100</vol>
      <quant>16</quant>
      <len>32</len>
      <channel>9</channel>
      <port>0</port>
      <lv1>70</lv1>
      <lv2>90</lv2>
      <lv3>127</lv3>
      <lv4>110</lv4>
      <enote>57</enote>
      <anote>57</anote>
      </entry>
    <entry>
      <name>Hi Tom</name>
      <vol>100</vol>
      <quant>16</quant>
      <len>32</len>
      <channel>9</channel>
      <port>0</port>
      <lv1>70</lv1>
      <lv2>90</lv2>
      <lv3>127</lv3>
      <lv4>110</lv4>
      <enote>58</enote>
      <anote>58</anote>
      </entry>
    <entry>
      <name>Kick 1</name>
      <vol>100</vol>
      <quant>16</quant>
      <len>32</len>
      <channel>9</channel>
      <port>0</port>
      <lv1>70</lv1>
      <lv2>90</lv2>
      <lv3>127</lv3>
      <lv4>110</lv4>
      <enote>59</enote>
      <anote>59</anote>
      </entry>
    <entry>
      <name>Kick 1</name>
      <vol>100</vol>
      <quant>16</quant>
      <len>32</len>
      <channel>9</channel>
      <port>0</port>
      <lv1>70</lv1>
      <lv2>90</lv2>
      <lv3>127</lv3>
      <lv4>110</lv4>
      <enote>60</enote>
      <anote>60</anote>
      </entry>
    <entry>
      <name>Kick 1</name>
      <vol>100</vol>
      <quant>16</quant>
      <len>32</len>
      <channel>9</channel>
      <port>0</port>
      <lv1>70</lv1>
      <lv2>90</lv2>
      <lv3>127</lv3>
      <lv4>110</lv4>
      <enote>61</enote>
      <anote>61</anote>
      </entry>
    <entry>
      <name>Kick 2</name>
      <vol>100</vol>
      <quant>16</quant>
      <len>32</len>
      <channel>9</channel>
      <port>0</port>
      <lv1>70</lv1>
      <lv2>90</lv2>
      <lv3>127</lv3>
      <lv4>110</lv4>
      <enote>62</enote>
      <anote>62</anote>
      </entry>
    <entry>
      <name>Kick 2</name>
      <vol>100</vol>
      <quant>16</quant>
      <len>32</len>
      <channel>9</channel>
      <port>0</port>
      <lv1>70</lv1>
      <lv2>90</lv2>
      <lv3>127</lv3>
      <lv4>110</lv4>
      <enote>63</enote>
      <anote>63</anote>
      </entry>
    <entry>
      <name>Cross Stick Ambient</name>
      <vol>100</vol>
      <quant>16</quant>
      <len>32</len>
      <channel>9</channel>
      <port>0</port>
      <lv1>70</lv1>
      <lv2>90</lv2>
      <lv3>127</lv3>
      <lv4>110</lv4>
      <enote>64</enote>
      <anote>64</anote>
      </entry>
    <entry>
      <name>Cross Stick Ambient</name>
      <vol>100</vol>
      <quant>16</quant>
      <len>32</len>
      <channel>9</channel>
      <port>0</port>
      <lv1>70</lv1>
      <lv2>90</lv2>
      <lv3>127</lv3>
      <lv4>110</lv4>
      <enote>65</enote>
      <anote>65</anote>
      </entry>
    <entry>
      <name>Cross Stick</name>
      <vol>100</vol>
      <quant>16</quant>
      <len>32</len>
      <channel>9</channel>
      <port>0</port>
      <lv1>70</lv1>
      <lv2>90</lv2>
      <lv3>127</lv3>
      <lv4>110</lv4>
      <enote>66</enote>
      <anote>66</anote>
      </entry>
    <entry>
      <name>Snare 3</name>
      <vol>100</vol>
      <quant>16</quant>
      <len>32</len>
      <channel>9</channel>
      <port>0</port>
      <lv1>70</lv1>
      <lv2>90</lv2>
      <lv3>127</lv3>
      <lv4>110</lv4>
      <enote>67</enote>
      <anote>67</anote>
      </entry>
    <entry>
      <name>Snare 3</name>
      <vol>100</vol>
      <quant>16</quant>
      <len>32</len>
      <channel>9</channel>
      <port>0</port>
      <lv1>70</lv1>
      <lv2>90</lv2>
      <lv3>127</lv3>
      <lv4>110</lv4>
      <enote>68</enote>
      <anote>68</anote>
      </entry>
    <entry>
      <name>Snare 2</name>
      <vol>100</vol>
      <quant>16</quant>
      <len>32</len>
      <channel>9</channel>
      <port>0</port>
      <lv1>70</lv1>
      <lv2>90</lv2>
      <lv3>127</lv3>
      <lv4>110</lv4>
      <enote>69</enote>
      <anote>69</anote>
      </entry>
    <entry>
      <name>Snare 2</name>
      <vol>100</vol>
      <quant>16</quant>
      <len>32</len>
      <channel>9</channel>
      <port>0</port>
      <lv1>70</lv1>
      <lv2>90</lv2>
      <lv3>127</lv3>
      <lv4>110</lv4>
      <enote>70</enote>
      <anote>70</anote>
      </entry>
    <entry>
      <name>Soft Snare 1</name>
      <vol>100</vol>
      <quant>16</quant>
      <len>32</len>
      <channel>9</channel>
      <port>0</port>
      <lv1>70</lv1>
      <lv2>90</lv2>
      <lv3>127</lv3>
      <lv4>110</lv4>
      <enote>71</enote>
      <anote>71</anote>
      </entry>
    <entry>
      <name>Dual Snare 1</name>
      <vol>100</vol>
      <quant>16</quant>
      <len>32</len>
      <channel>9</channel>
      <port>0</port>
      <lv1>70</lv1>
      <lv2>90</lv2>
      <lv3>127</lv3>
      <lv4>110</lv4>
      <enote>72</enote>
      <anote>72</anote>
      </entry>
    <entry>
      <name>Dual Snare 1</name>
      <vol>100</vol>
      <quant>16</quant>
      <len>32</len>
      <channel>9</channel>
      <port>0</port>
      <lv1>70</lv1>
      <lv2>90</lv2>
      <lv3>127</lv3>
      <lv4>110</lv4>
      <enote>73</enote>
      <anote>73</anote>
      </entry>
    <entry>
      <name>Closed Hi-hat</name>
      <vol>100</vol>
      <quant>16</quant>
      <len>32</len>
      <channel>9</channel>
      <port>0</port>
      <lv1>70</lv1>
      <lv2>90</lv2>
      <lv3>127</lv3>
      <lv4>110</lv4>
      <enote>74</enote>
      <anote>74</anote>
      </entry>
    <entry>
      <name>Closed Hi-hat</name>
      <vol>100</vol>
      <quant>16</quant>
      <len>32</len>
      <channel>9</channel>
      <port>0</port>
      <lv1>70</lv1>
      <lv2>90</lv2>
      <lv3>127</lv3>
      <lv4>110</lv4>
      <enote>75</enote>
      <anote>75</anote>
      </entry>
    <entry>
      <name>Closed Hi-hat</name>
      <vol>100</vol>
      <quant>16</quant>
      <len>32</len>
      <channel>9</channel>
      <port>0</port>
      <lv1>70</lv1>
      <lv2>90</lv2>
      <lv3>127</lv3>
      <lv4>110</lv4>
      <enote>76</enote>
      <anote>76</anote>
      </entry>
    <entry>
      <name>Slightly Open Hi-hat</name>
      <vol>100</vol>
      <quant>16</quant>
      <len>32</len>
      <channel>9</channel>
      <port>0</port>
      <lv1>70</lv1>
      <lv2>90</lv2>
      <lv3>127</lv3>
      <lv4>110</lv4>
      <enote>77</enote>
      <anote>77</anote>
      </entry>
    <entry>
      <name>Slightly Open Hi-hat</name>
      <vol>100</vol>
      <quant>16</quant>
      <len>32</len>
      <channel>9</channel>
      <port>0</port>
      <lv1>70</lv1>
      <lv2>90</lv2>
      <lv3>127</lv3>
      <lv4>110</lv4>
      <enote>78</enote>
      <anote>78</anote>
      </entry>
    <entry>
      <name>Slightly Open Hi-hat</name>
      <vol>100</vol>
      <quant>16</quant>
      <len>32</len>
      <channel>9</channel>
      <port>0</port>
      <lv1>70</lv1>
      <lv2>90</lv2>
      <lv3>127</lv3>
      <lv4>110</lv4>
      <enote>79</enote>
      <anote>79</anote>
      </entry>
    <entry>
      <name>Open Hi-hat</name>
      <vol>100</vol>
      <quant>16</quant>
      <len>32</len>
      <channel>9</channel>
      <port>0</port>
      <lv1>70</lv1>
      <lv2>90</lv2>
      <lv3>127</lv3>
      <lv4>110</lv4>
      <enote>80</enote>
      <anote>80</anote>
      </entry>
    <entry>
      <name>Open Hi-hat</name>
      <vol>100</vol>
      <quant>16</quant>
      <len>32</len>
      <channel>9</channel>
      <port>0</port>
      <lv1>70</lv1>
      <lv2>90</lv2>
      <lv3>127</lv3>
      <lv4>110</lv4>
      <enote>81</enote>
      <anote>81</anote>
      </entry>
    <entry>
      <name>Open\Closed Hi-hat</name>
      <vol>100</vol>
      <quant>16</quant>
      <len>32</len>
      <channel>9</channel>
      <port>0</port>
      <lv1>70</lv1>
      <lv2>90</lv2>
      <lv3>127</lv3>
      <lv4>110</lv4>
      <enote>82</enote>
      <anote>82</anote>
      </entry>
    <entry>
      <name>Open\Closed Hi-hat</name>
      <vol>100</vol>
      <quant>16</quant>
      <len>32</len>
      <channel>9</channel>
      <port>0</port>
      <lv1>70</lv1>
      <lv2>90</lv2>
      <lv3>127</lv3>
      <lv4>110</lv4>
      <enote>83</enote>
      <anote>83</anote>
      </entry>
    <entry>
      <name>Foot Hi-hat</name>
      <vol>100</vol>
      <quant>16</quant>
      <len>32</len>
      <channel>9</channel>
      <port>0</port>
      <lv1>70</lv1>
      <lv2>90</lv2>
      <lv3>127</lv3>
      <lv4>110</lv4>
      <enote>84</enote>
      <anote>84</anote>
      </entry>
    <entry>
      <name>Crash Cymbal</name>
      <vol>100</vol>
      <quant>16</quant>
      <len>32</len>
      <channel>9</channel>
      <port>0</port>
      <lv1>70</lv1>
      <lv2>90</lv2>
      <lv3>127</lv3>
      <lv4>110</lv4>
      <enote>85</enote>
      <anote>85</anote>
      </entry>
    <entry>
      <name>Crash Cymbal</name>
      <vol>100</vol>
      <quant>16</quant>
      <len>32</len>
      <channel>9</channel>
      <port>0</port>
      <lv1>70</lv1>
      <lv2>90</lv2>
      <lv3>127</lv3>
      <lv4>110</lv4>
      <enote>86</enote>
      <anote>86</anote>
      </entry>
    <entry>
      <name>Crash Cymbal</name>
      <vol>100</vol>
      <quant>16</quant>
      <len>32</len>
      <channel>9</channel>
      <port>0</port>
      <lv1>70</lv1>
      <lv2>90</lv2>
      <lv3>127</lv3>
      <lv4>110</lv4>
      <enote>87</enote>
      <anote>87</anote>
      </entry>
    <entry>
      <name>Crash Cymbal</name>
      <vol>100</vol>
      <quant>16</quant>
      <len>32</len>
      <channel>9</channel>
      <port>0</port>
      <lv1>70</lv1>
      <lv2>90</lv2>
      <lv3>127</lv3>
      <lv4>110</lv4>
      <enote>88</enote>
      <anote>88</anote>
      </entry>
    <entry>
      <name>Crash Cymbal</name>
      <vol>100</vol>
      <quant>16</quant>
      <len>32</len>
      <channel>9</channel>
      <port>0</port>
      <lv1>70</lv1>
      <lv2>90</lv2>
      <lv3>127</lv3>
      <lv4>110</lv4>
      <enote>89</enote>
      <anote>89</anote>
      </entry>
    <entry>
      <name>Crash Cymbal</name>
      <vol>100</vol>
      <quant>16</quant>
      <len>32</len>
      <channel>9</channel>
      <port>0</port>
      <lv1>70</lv1>
      <lv2>90</lv2>
      <lv3>127</lv3>
      <lv4>110</lv4>
      <enote>90</enote>
      <anote>90</anote>
      </entry>
    <entry>
      <name>Splash Cymbal</name>
      <vol>100</vol>
      <quant>16</quant>
      <len>32</len>
      <channel>9</channel>
      <port>0</port>
      <lv1>70</lv1>
      <lv2>90</lv2>
      <lv3>127</lv3>
      <lv4>110</lv4>
      <enote>91</enote>
      <anote>91</anote>
      </entry>
    <entry>
      <name>Ride Cymbal</name>
      <vol>100</vol>
      <quant>16</quant>
      <len>32</len>
      <channel>9</channel>
      <port>0</port>
      <lv1>70</lv1>
      <lv2>90</lv2>
      <lv3>127</lv3>
      <lv4>110</lv4>
      <enote>92</enote>
      <anote>92</anote>
      </entry>
    <entry>
      <name>Ride Cymbal Rim</name>
      <vol>100</vol>
      <quant>16</quant>
      <len>32</len>
      <channel>9</channel>
      <port>0</port>
      <lv1>70</lv1>
      <lv2>90</lv2>
      <lv3>127</lv3>
      <lv4>110</lv4>
      <enote>93</enote>
      <anote>93</anote>
      </entry>
    <entry>
      <name>Ride Cymbal Rim\Bell</name>
      <vol>100</vol>
      <quant>16</quant>
      <len>32</len>
      <channel>9</channel>
      <port>0</port>
      <lv1>70</lv1>
      <lv2>90</lv2>
      <lv3>127</lv3>
      <lv4>110</lv4>
      <enote>94</enote>
      <anote>94</anote>
      </entry>
    <entry>
      <name>Ride Cymbal Bell</name>
      <vol>100</vol>
      <quant>16</quant>
      <len>32</len>
      <channel>9</channel>
      <port>0</port>
      <lv1>70</lv1>
      <lv2>90</lv2>
      <lv3>127</lv3>
      <lv4>110</lv4>
      <enote>95</enote>
      <anote>95</anote>
      </entry>
    <entry>
      <name>Ride Cymbal Bell</name>
      <vol>100</vol>
      <quant>16</quant>
      <len>32</len>
      <channel>9</channel>
      <port>0</port>
      <lv1>70</lv1>
      <lv2>90</lv2>
      <lv3>127</lv3>
      <lv4>110</lv4>
      <enote>96</enote>
      <anote>96</anote>
      </entry>
    <entry>
      <name>Cowbell</name>
      <vol>100</vol>
      <quant>16</quant>
      <len>32</len>
      <channel>9</channel>
      <port>0</port>
      <lv1>70</lv1>
      <lv2>90</lv2>
      <lv3>127</lv3>
      <lv4>110</lv4>
      <enote>97</enote>
      <anote>97</anote>
      </entry>
    <entry>
      <name>Hand Clap</name>
      <vol>100</vol>
      <quant>16</quant>
      <len>32</len>
      <channel>9</channel>
      <port>0</port>
      <lv1>70</lv1>
      <lv2>90</lv2>
      <lv3>127</lv3>
      <lv4>110</lv4>
      <enote>98</enote>
      <anote>98</anote>
      </entry>
    <entry>
      <name>Lo Timbale\Hi Timbale</name>
      <vol>100</vol>
      <quant>16</quant>
      <len>32</len>
      <channel>9</channel>
      <port>0</port>
      <lv1>70</lv1>
      <lv2>90</lv2>
      <lv3>127</lv3>
      <lv4>110</lv4>
      <enote>99</enote>
      <anote>99</anote>
      </entry>
    <entry>
      <name>Timbale Shell</name>
      <vol>100</vol>
      <quant>16</quant>
      <len>32</len>
      <channel>9</channel>
      <port>0</port>
      <lv1>70</lv1>
      <lv2>90</lv2>
      <lv3>127</lv3>
      <lv4>110</lv4>
      <enote>100</enote>
      <anote>100</anote>
      </entry>
    <entry>
      <name>Conga</name>
      <vol>100</vol>
      <quant>16</quant>
      <len>32</len>
      <channel>9</channel>
      <port>0</port>
      <lv1>70</lv1>
      <lv2>90</lv2>
      <lv3>127</lv3>
      <lv4>110</lv4>
      <enote>101</enote>
      <anote>101</anote>
      </entry>
    <entry>
      <name>Hi Tumba</name>
      <vol>100</vol>
      <quant>16</quant>
      <len>32</len>
      <channel>9</channel>
      <port>0</port>
      <lv1>70</lv1>
      <lv2>90</lv2>
      <lv3>127</lv3>
      <lv4>110</lv4>
      <enote>102</enote>
      <anote>102</anote>
      </entry>
    <entry>
      <name>Conga</name>
      <vol>100</vol>
      <quant>16</quant>
      <len>32</len>
      <channel>9</channel>
      <port>0</port>
      <lv1>70</lv1>
      <lv2>90</lv2>
      <lv3>127</lv3>
      <lv4>110</lv4>
      <enote>103</enote>
      <anote>103</anote>
      </entry>
    <entry>
      <name>Lo Tumba</name>
      <vol>100</vol>
      <quant>16</quant>
      <len>32</len>
      <channel>9</channel>
      <port>0</port>
      <lv1>70</lv1>
      <lv2>90</lv2>
      <lv3>127</lv3>
      <lv4>110</lv4>
      <enote>104</enote>
      <anote>104</anote>
      </entry>
    <entry>
      <name>Clave</name>
      <vol>100</vol>
      <quant>16</quant>
      <len>32</len>
      <channel>9</channel>
      <port>0</port>
      <lv1>70</lv1>
      <lv2>90</lv2>
      <lv3>127</lv3>
      <lv4>110</lv4>
      <enote>105</enote>
      <anote>105</anote>
      </entry>
    <entry>
      <name>Shakers</name>
      <vol>100</vol>
      <quant>16</quant>
      <len>32</len>
      <channel>9</channel>
      <port>0</port>
      <lv1>70</lv1>
      <lv2>90</lv2>
      <lv3>127</lv3>
      <lv4>110</lv4>
      <enote>106</enote>
      <anote>106</anote>
      </entry>
    <entry>
      <name>Tambourine</name>
      <vol>100</vol>
      <quant>16</quant>
      <len>32</len>
      <channel>9</channel>
      <port>0</port>
      <lv1>70</lv1>
      <lv2>90</lv2>
      <lv3>127</lv3>
      <lv4>110</lv4>
      <enote>107</enote>
      <anote>107</anote>
      </entry>
    <entry>
      <name>Tambourine</name>
      <vol>100</vol>
      <quant>16</quant>
      <len>32</len>
      <channel>9</channel>
      <port>0</port>
      <lv1>70</lv1>
      <lv2>90</lv2>
      <lv3>127</lv3>
      <lv4>110</lv4>
      <enote>108</enote>
      <anote>108</anote>
      </entry>
    <entry>
      <name>Shakers</name>
      <vol>100</vol>
      <quant>16</quant>
      <len>32</len>
      <channel>9</channel>
      <port>0</port>
      <lv1>70</lv1>
      <lv2>90</lv2>
      <lv3>127</lv3>
      <lv4>110</lv4>
      <enote>109</enote>
      <anote>109</anote>
      </entry>
    <entry>
      <name>Tambourine</name>
      <vol>100</vol>
      <quant>16</quant>
      <len>32</len>
      <channel>9</channel>
      <port>0</port>
      <lv1>70</lv1>
      <lv2>90</lv2>
      <lv3>127</lv3>
      <lv4>110</lv4>
      <enote>110</enote>
      <anote>110</anote>
      </entry>
    <entry>
      <name>Maracas</name>
      <vol>100</vol>
      <quant>16</quant>
      <len>32</len>
      <channel>9</channel>
      <port>0</port>
      <lv1>70</lv1>
      <lv2>90</lv2>
      <lv3>127</lv3>
      <lv4>110</lv4>
      <enote>111</enote>
      <anote>111</anote>
      </entry>
    <entry>
      <name>Maracas</name>
      <vol>100</vol>
      <quant>16</quant>
      <len>32</len>
      <channel>9</channel>
      <port>0</port>
      <lv1>70</lv1>
      <lv2>90</lv2>
      <lv3>127</lv3>
      <lv4>110</lv4>
      <enote>112</enote>
      <anote>112</anote>
      </entry>
    <entry>
      <name>Lo Agogo</name>
      <vol>100</vol>
      <quant>16</quant>
      <len>32</len>
      <channel>9</channel>
      <port>0</port>
      <lv1>70</lv1>
      <lv2>90</lv2>
      <lv3>127</lv3>
      <lv4>110</lv4>
      <enote>113</enote>
      <anote>113</anote>
      </entry>
    <entry>
      <name>Hi Agogo</name>
      <vol>100</vol>
      <quant>16</quant>
      <len>32</len>
      <channel>9</channel>
      <port>0</port>
      <lv1>70</lv1>
      <lv2>90</lv2>
      <lv3>127</lv3>
      <lv4>110</lv4>
      <enote>114</enote>
      <anote>114</anote>
      </entry>
    <entry>
      <name>Lo Bongo</name>
      <vol>100</vol>
      <quant>16</quant>
      <len>32</len>
      <channel>9</channel>
      <port>0</port>
      <lv1>70</lv1>
      <lv2>90</lv2>
      <lv3>127</lv3>
      <lv4>110</lv4>
      <enote>115</enote>
      <anote>115</anote>
      </entry>
    <entry>
      <name>Bongo Slap</name>
      <vol>100</vol>
      <quant>16</quant>
      <len>32</len>
      <channel>9</channel>
      <port>0</port>
      <lv1>70</lv1>
      <lv2>90</lv2>
      <lv3>127</lv3>
      <lv4>110</lv4>
      <enote>116</enote>
      <anote>116</anote>
      </entry>
    <entry>
      <name>Hi Bongo</name>
      <vol>100</vol>
      <quant>16</quant>
      <len>32</len>
      <channel>9</channel>
      <port>0</port>
      <lv1>70</lv1>
      <lv2>90</lv2>
      <lv3>127</lv3>
      <lv4>110</lv4>
      <enote>117</enote>
      <anote>117</anote>
      </entry>
    <entry>
      <name>Finger Snap</name>
      <vol>100</vol>
      <quant>16</quant>
      <len>32</len>
      <channel>9</channel>
      <port>0</port>
      <lv1>70</lv1>
      <lv2>90</lv2>
      <lv3>127</lv3>
      <lv4>110</lv4>
      <enote>118</enote>
      <anote>118</anote>
      </entry>
    <entry>
      <name>Muted Triangle</name>
      <vol>100</vol>
      <quant>16</quant>
      <len>32</len>
      <channel>9</channel>
      <port>0</port>
      <lv1>70</lv1>
      <lv2>90</lv2>
      <lv3>127</lv3>
      <lv4>110</lv4>
      <enote>119</enote>
      <anote>119</anote>
      </entry>
    <entry>
      <name>Open Triangle</name>
      <vol>100</vol>
      <quant>16</quant>
      <len>32</len>
      <channel>9</channel>
      <port>0</port>
      <lv1>70</lv1>
      <lv2>90</lv2>
      <lv3>127</lv3>
      <lv4>110</lv4>
      <enote>120</enote>
      <anote>120</anote>
      </entry>
    <entry>
      <name></name>
      <vol>100</vol>
      <quant>16</quant>
      <len>32</len>
      <channel>9</channel>
      <port>0</port>
      <lv1>70</lv1>
      <lv2>90</lv2>
      <lv3>127</lv3>
      <lv4>110</lv4>
      <enote>121</enote>
      <anote>121</anote>
      </entry>
    <entry>
      <name></name>
      <vol>100</vol>
      <quant>16</quant>
      <len>32</len>
      <channel>9</channel>
      <port>0</port>
      <lv1>70</lv1>
      <lv2>90</lv2>
      <lv3>127</lv3>
      <lv4>110</lv4>
      <enote>122</enote>
      <anote>122</anote>
      </entry>
    <entry>
      <name></name>
      <vol>100</vol>
      <quant>16</quant>
      <len>32</len>
      <channel>9</channel>
      <port>0</port>
      <lv1>70</lv1>
      <lv2>90</lv2>
      <lv3>127</lv3>
      <lv4>110</lv4>
      <enote>123</enote>
      <anote>123</anote>
      </entry>
    <entry>
      <name></name>
      <vol>100</vol>
      <quant>16</quant>
      <len>32</len>
      <channel>9</channel>
      <port>0</port>
      <lv1>70</lv1>
      <lv2>90</lv2>
      <lv3>127</lv3>
      <lv4>110</lv4>
      <enote>124</enote>
      <anote>124</anote>
      </entry>
    <entry>
      <name></name>
      <vol>100</vol>
      <quant>16</quant>
      <len>32</len>
      <channel>9</channel>
      <port>0</port>
      <lv1>70</lv1>
      <lv2>90</lv2>
      <lv3>127</lv3>
      <lv4>110</lv4>
      <enote>125</enote>
      <anote>125</anote>
      </entry>
    <entry>
      <name></name>
      <vol>100</vol>
      <quant>16</quant>
      <len>32</len>
      <channel>9</channel>
      <port>0</port>
      <lv1>70</lv1>
      <lv2>90</lv2>
      <lv3>127</lv3>
      <lv4>110</lv4>
      <enote>126</enote>
      <anote>126</anote>
      </entry>
    <entry>
      <name></name>
      <vol>100</vol>
      <quant>16</quant>
      <len>32</len>
      <channel>9</channel>
      <port>0</port>
      <lv1>70</lv1>
      <lv2>90</lv2>
      <lv3>127</lv3>
      <lv4>110</lv4>
      <enote>127</enote>
      <anote>127</anote>
      </entry>
    </drummap>
  </muse>
