<?xml version="1.0"?>
<muse version="1.0">
  <drummap>
  <comment>
      # Drum Set List 	SC-88	Drum Set 1
      #
      # "Program Change 1"
      # "Standard Set 1"
      #
      </comment>

    <entry>
      <name>Snare Roll</name>
      <enote>25</enote>
      <anote>25</anote>
      </entry>
    <entry>
      <name>Finger Snare</name>
      <enote>26</enote>
      <anote>26</anote>
      </entry>
    <entry>
      <name>High Q</name>
      <enote>27</enote>
      <anote>27</anote>
      </entry>
    <entry>
      <name>Slap</name>
      <enote>28</enote>
      <anote>28</anote>
      </entry>
    <entry>
      <name>Scratch Push</name>
      <enote>29</enote>
      <anote>29</anote>
      </entry>
    <entry>
      <name>Scratch Pull</name>
      <enote>30</enote>
      <anote>30</anote>
      </entry>
    <entry>
      <name>Sticks</name>
      <enote>31</enote>
      <anote>31</anote>
      </entry>
    <entry>
      <name>Square Click</name>
      <enote>32</enote>
      <anote>32</anote>
      </entry>
    <entry>
      <name>Metronome Click</name>
      <enote>33</enote>
      <anote>33</anote>
      </entry>
    <entry>
      <name>Metronome Bell</name>
      <enote>34</enote>
      <anote>34</anote>
      </entry>
    <entry>
      <name>Standard 1 Kick 2</name>
      <enote>35</enote>
      <anote>35</anote>
      </entry>
    <entry>
      <name>Standard 1 Kick 1</name>
      <enote>36</enote>
      <anote>36</anote>
      </entry>
    <entry>
      <name>Side Stick</name>
      <enote>37</enote>
      <anote>37</anote>
      </entry>
    <entry>
      <name>Standard 1 Snare 1</name>
      <enote>38</enote>
      <anote>38</anote>
      </entry>
    <entry>
      <name>Hand Clap</name>
      <enote>39</enote>
      <anote>39</anote>
      </entry>
    <entry>
      <name>Standard 1 Snare 2</name>
      <enote>40</enote>
      <anote>40</anote>
      </entry>
    <entry>
      <name>Low Tom 2</name>
      <enote>41</enote>
      <anote>41</anote>
      </entry>
    <entry>
      <name>Closed Hi-hat 1</name>
      <enote>42</enote>
      <anote>42</anote>
      </entry>
    <entry>
      <name>Low Tom 1</name>
      <enote>43</enote>
      <anote>43</anote>
      </entry>
    <entry>
      <name>Pedal Hi-hat</name>
      <enote>44</enote>
      <anote>44</anote>
      </entry>
    <entry>
      <name>Mid Tom 2</name>
      <enote>45</enote>
      <anote>45</anote>
      </entry>
    <entry>
      <name>Open Hi-hat 2</name>
      <enote>46</enote>
      <anote>46</anote>
      </entry>
    <entry>
      <name>Mid Tom 1</name>
      <enote>47</enote>
      <anote>47</anote>
      </entry>
    <entry>
      <name>High Tom 2</name>
      <enote>48</enote>
      <anote>48</anote>
      </entry>
    <entry>
      <name>Crash Cymbal 1</name>
      <enote>49</enote>
      <anote>49</anote>
      </entry>
    <entry>
      <name>High Tom 1</name>
      <enote>50</enote>
      <anote>50</anote>
      </entry>
    <entry>
      <name>Ride Cymbal 1</name>
      <enote>51</enote>
      <anote>51</anote>
      </entry>
    <entry>
      <name>Chinese Cymbal</name>
      <enote>52</enote>
      <anote>52</anote>
      </entry>
    <entry>
      <name>Ride Bell</name>
      <enote>53</enote>
      <anote>53</anote>
      </entry>
    <entry>
      <name>Tambourine</name>
      <enote>54</enote>
      <anote>54</anote>
      </entry>
    <entry>
      <name>Splash Cymbal</name>
      <enote>55</enote>
      <anote>55</anote>
      </entry>
    <entry>
      <name>Cowbell</name>
      <enote>56</enote>
      <anote>56</anote>
      </entry>
    <entry>
      <name>Crash Cymbal 2</name>
      <enote>57</enote>
      <anote>57</anote>
      </entry>
    <entry>
      <name>Vibra Slap</name>
      <enote>58</enote>
      <anote>58</anote>
      </entry>
    <entry>
      <name>Ride Cymbal 2</name>
      <enote>59</enote>
      <anote>59</anote>
      </entry>
    <entry>
      <name>High Bongo</name>
      <enote>60</enote>
      <anote>60</anote>
      </entry>
    <entry>
      <name>Low Bongo</name>
      <enote>61</enote>
      <anote>61</anote>
      </entry>
    <entry>
      <name>Mute High Conga</name>
      <enote>62</enote>
      <anote>62</anote>
      </entry>
    <entry>
      <name>Open High Conga</name>
      <enote>63</enote>
      <anote>63</anote>
      </entry>
    <entry>
      <name>Low Conga</name>
      <enote>64</enote>
      <anote>64</anote>
      </entry>
    <entry>
      <name>High Timbale</name>
      <enote>65</enote>
      <anote>65</anote>
      </entry>
    <entry>
      <name>Low Timbale</name>
      <enote>66</enote>
      <anote>66</anote>
      </entry>
    <entry>
      <name>High Agogo</name>
      <enote>67</enote>
      <anote>67</anote>
      </entry>
    <entry>
      <name>Low Agogo</name>
      <enote>68</enote>
      <anote>68</anote>
      </entry>
    <entry>
      <name>Cabasa</name>
      <enote>69</enote>
      <anote>69</anote>
      </entry>
    <entry>
      <name>Maracas</name>
      <enote>70</enote>
      <anote>70</anote>
      </entry>
    <entry>
      <name>Short Hi Whistle</name>
      <enote>71</enote>
      <anote>71</anote>
      </entry>
    <entry>
      <name>Long Low Whistle</name>
      <enote>72</enote>
      <anote>72</anote>
      </entry>
    <entry>
      <name>Short Guiro</name>
      <enote>73</enote>
      <anote>73</anote>
      </entry>
    <entry>
      <name>Long Guiro</name>
      <enote>74</enote>
      <anote>74</anote>
      </entry>
    <entry>
      <name>Claves</name>
      <enote>75</enote>
      <anote>75</anote>
      </entry>
    <entry>
      <name>High Wood Block</name>
      <enote>76</enote>
      <anote>76</anote>
      </entry>
    <entry>
      <name>Low Wood Block</name>
      <enote>77</enote>
      <anote>77</anote>
      </entry>
    <entry>
      <name>Mute Cuica</name>
      <enote>78</enote>
      <anote>78</anote>
      </entry>
    <entry>
      <name>Open Cuica</name>
      <enote>79</enote>
      <anote>79</anote>
      </entry>
    <entry>
      <name>Mute Triangle</name>
      <enote>80</enote>
      <anote>80</anote>
      </entry>
    <entry>
      <name>Open Triangle</name>
      <enote>81</enote>
      <anote>81</anote>
      </entry>
    <entry>
      <name>Shaker</name>
      <enote>82</enote>
      <anote>82</anote>
      </entry>
    <entry>
      <name>Jingle Bell</name>
      <enote>83</enote>
      <anote>83</anote>
      </entry>
    <entry>
      <name>Bell Tree</name>
      <enote>84</enote>
      <anote>84</anote>
      </entry>
    <entry>
      <name>Castanets</name>
      <enote>85</enote>
      <anote>85</anote>
      </entry>
    <entry>
      <name>Mute Surdo</name>
      <enote>86</enote>
      <anote>86</anote>
      </entry>
    <entry>
      <name>Open Surdo</name>
      <enote>87</enote>
      <anote>87</anote>
      </entry>
    </drummap>
  </muse>

